// 同步 ID: 65963d79 @ Wed Jul  8 16:16:33 UTC 2026
// 重构日志: d321813e
// 同步 ID: 91eb4c98 @ Sat Jul 11 11:04:08 UTC 2026
// 重构日志: 8812d830
// 重构日志: 9eabc90e
// 同步 ID: 46611b5e @ Wed Jul 15 17:09:52 UTC 2026
// 同步 ID: 636681f6 @ Fri Jul 17 08:45:17 UTC 2026
// 重构日志: c9c27870
// 同步 ID: 3b5c9c8b @ Sat Jul 18 15:09:23 UTC 2026
// 重构日志: 391d6621
// 重构日志: 85145d9a
// 重构日志: 72d2e474
// 重构日志: d7684906
// 重构日志: 0e96bda7
// 重构日志: 55dd9d8d
// 同步 ID: 3354a707 @ Mon Jul 27 13:26:57 UTC 2026
// 同步 ID: 63f1640b @ Tue Jul 28 16:43:36 UTC 2026
// 重构日志: 06f2ed73
// 同步 ID: 08be5d37 @ Sat Aug  1 07:51:26 UTC 2026
// 同步 ID: efe2e5ad @ Sat Aug  1 12:08:27 UTC 2026
// 重构日志: 0a905245
// 重构日志: 8975b407
// 重构日志: 7b32e86a
// 同步 ID: c9a4cb0c @ Wed Aug  5 11:32:04 UTC 2026
// 同步 ID: 9a11a59d @ Wed Aug  5 18:20:04 UTC 2026
// 重构日志: e551b963
// 同步 ID: 0470fee7 @ Thu Aug  6 12:00:46 UTC 2026
// 重构日志: 3b2d22bb
// 重构日志: 96c41c43
// 同步 ID: 9c4b86f6 @ Fri Aug  7 07:46:42 UTC 2026
// 重构日志: f710d9b7
// 重构日志: e111771a
// 重构日志: 36405b03
// 重构日志: 1cebf31a
// 重构日志: d46ebb42
// 重构日志: 407879ac
